------------------------------------------------------------
TimeQuest Timing Analyzer Summary
------------------------------------------------------------

Type  : Slow 1200mV 85C Model Setup 'CLK'
Slack : -2.452
TNS   : -66.756

Type  : Slow 1200mV 85C Model Setup 'divider:inst19|cuenta[25]'
Slack : -1.498
TNS   : -5.155

Type  : Slow 1200mV 85C Model Hold 'CLK'
Slack : 0.378
TNS   : 0.000

Type  : Slow 1200mV 85C Model Hold 'divider:inst19|cuenta[25]'
Slack : 0.615
TNS   : 0.000

Type  : Slow 1200mV 85C Model Minimum Pulse Width 'CLK'
Slack : -3.000
TNS   : -53.000

Type  : Slow 1200mV 85C Model Minimum Pulse Width 'divider:inst19|cuenta[25]'
Slack : -1.000
TNS   : -18.000

Type  : Slow 1200mV 0C Model Setup 'CLK'
Slack : -2.116
TNS   : -53.637

Type  : Slow 1200mV 0C Model Setup 'divider:inst19|cuenta[25]'
Slack : -1.227
TNS   : -4.180

Type  : Slow 1200mV 0C Model Hold 'CLK'
Slack : 0.335
TNS   : 0.000

Type  : Slow 1200mV 0C Model Hold 'divider:inst19|cuenta[25]'
Slack : 0.555
TNS   : 0.000

Type  : Slow 1200mV 0C Model Minimum Pulse Width 'CLK'
Slack : -3.000
TNS   : -53.000

Type  : Slow 1200mV 0C Model Minimum Pulse Width 'divider:inst19|cuenta[25]'
Slack : -1.000
TNS   : -18.000

Type  : Fast 1200mV 0C Model Setup 'CLK'
Slack : -1.093
TNS   : -17.251

Type  : Fast 1200mV 0C Model Setup 'divider:inst19|cuenta[25]'
Slack : -0.413
TNS   : -1.149

Type  : Fast 1200mV 0C Model Hold 'CLK'
Slack : 0.197
TNS   : 0.000

Type  : Fast 1200mV 0C Model Hold 'divider:inst19|cuenta[25]'
Slack : 0.319
TNS   : 0.000

Type  : Fast 1200mV 0C Model Minimum Pulse Width 'CLK'
Slack : -3.000
TNS   : -55.818

Type  : Fast 1200mV 0C Model Minimum Pulse Width 'divider:inst19|cuenta[25]'
Slack : -1.000
TNS   : -18.000

------------------------------------------------------------
